// Jest Snapshot v1, https://goo.gl/fbAQLP

exports[`destructuring-private: "Unexpected token ';'" 1`] = `"Unexpected token ';'"`;
