// Jest Snapshot v1, https://goo.gl/fbAQLP

exports[`duplicate-named-capturing-groups-regex 1`] = `"Invalid regular expression: /(?<year>\\d{4})-(?<month>\\d{2})|(?<month>\\d{2})-(?<year>\\d{4})/: Duplicate capture group name"`;
