// Jest Snapshot v1, https://goo.gl/fbAQLP

exports[`import-defer 1`] = `"Unexpected token '*'"`;
