// Jest Snapshot v1, https://goo.gl/fbAQLP

exports[`import-wasm-source 1`] = `"from is not defined"`;
