// Jest Snapshot v1, https://goo.gl/fbAQLP

exports[`record-and-tuple 1`] = `"Unexpected token ','"`;
