// Jest Snapshot v1, https://goo.gl/fbAQLP

exports[`regexp-modifiers 1`] = `"Invalid regular expression: /(?i:a)a/: Invalid group"`;
